../Core/Src/main.c:80:6:HAL_GPIO_EXTI_Callback	16	static
../Core/Src/main.c:92:6:HAL_I2C_MemRxCpltCallback	16	static
../Core/Src/main.c:107:5:main	144	static
../Core/Src/main.c:200:6:SystemClock_Config	88	static
../Core/Src/main.c:247:13:MX_I2C1_Init	8	static
../Core/Src/main.c:281:13:MX_USART2_UART_Init	8	static
../Core/Src/main.c:312:13:MX_DMA_Init	16	static
../Core/Src/main.c:333:13:MX_GPIO_Init	48	static
../Core/Src/main.c:388:6:StartLEDTask	16	static
../Core/Src/main.c:407:6:StartUART	16	static
../Core/Src/main.c:437:6:HAL_TIM_PeriodElapsedCallback	16	static
../Core/Src/main.c:455:6:Error_Handler	4	static,ignoring_inline_asm
