../Core/Src/main.c:78:6:HAL_GPIO_EXTI_Callback	16	static
../Core/Src/main.c:95:6:HAL_I2C_MemRxCpltCallback	16	static
../Core/Src/main.c:107:6:HAL_I2C_ErrorCallback	16	static
../Core/Src/main.c:124:5:main	128	static
../Core/Src/main.c:216:6:SystemClock_Config	88	static
../Core/Src/main.c:263:13:MX_I2C1_Init	8	static
../Core/Src/main.c:297:13:MX_USART2_UART_Init	8	static
../Core/Src/main.c:328:13:MX_DMA_Init	16	static
../Core/Src/main.c:349:13:MX_GPIO_Init	48	static
../Core/Src/main.c:401:6:Error_Handler	4	static,ignoring_inline_asm
